To honour the JVM settings for this build a single-use Daemon process will be forked. For more on this, please refer to https://docs.gradle.org/9.5.0/userguide/gradle_daemon.html#sec:disabling_the_daemon in the Gradle documentation.
Daemon will be stopped at the end of the build 
> Task :preBuild UP-TO-DATE
> Task :preReleaseBuild UP-TO-DATE
> Task :mergeReleaseJniLibFolders UP-TO-DATE
> Task :mergeReleaseNativeLibs NO-SOURCE
> Task :stripReleaseDebugSymbols NO-SOURCE
> Task :extractReleaseNativeSymbolTables NO-SOURCE
> Task :mergeReleaseNativeDebugMetadata NO-SOURCE
> Task :checkReleaseDuplicateClasses UP-TO-DATE
> Task :generateReleaseResources UP-TO-DATE
> Task :packageReleaseResources UP-TO-DATE
> Task :processReleaseNavigationResources UP-TO-DATE
> Task :parseReleaseLocalResources UP-TO-DATE
> Task :generateReleaseRFile UP-TO-DATE
> Task :compileReleaseKotlin NO-SOURCE
> Task :javaPreCompileRelease UP-TO-DATE
> Task :compileReleaseJavaWithJavac UP-TO-DATE
> Task :mergeReleaseArtProfile UP-TO-DATE
> Task :checkReleaseAarMetadata UP-TO-DATE
> Task :mapReleaseSourceSetPaths UP-TO-DATE
> Task :compileReleaseNavigationResources UP-TO-DATE
> Task :mergeReleaseResources UP-TO-DATE
> Task :createReleaseCompatibleScreenManifests UP-TO-DATE
> Task :extractDeepLinksRelease UP-TO-DATE
> Task :processReleaseMainManifest UP-TO-DATE
> Task :processReleaseManifest UP-TO-DATE
> Task :processReleaseManifestForPackage UP-TO-DATE
> Task :extractProguardFiles UP-TO-DATE
> Task :processReleaseJavaRes NO-SOURCE
> Task :mergeReleaseJavaResource UP-TO-DATE
> Task :mergeReleaseStartupProfile UP-TO-DATE
> Task :generateReleaseAssets UP-TO-DATE
> Task :mergeReleaseAssets UP-TO-DATE
> Task :compressReleaseAssets UP-TO-DATE
> Task :extractReleaseVersionControlInfo UP-TO-DATE
> Task :generateReleaseLintVitalReportModel
> Task :collectReleaseDependencies UP-TO-DATE
> Task :sdkReleaseDependencyData UP-TO-DATE
> Task :writeReleaseAppMetadata UP-TO-DATE
> Task :writeReleaseSigningConfigVersions UP-TO-DATE
> Task :processReleaseResources
> Task :expandReleaseArtProfileWildcards
> Task :mergeReleaseGeneratedProguardFiles
> Task :optimizeReleaseResources UP-TO-DATE
> Task :minifyReleaseWithR8
> Task :compileReleaseArtProfile
> Task :lintVitalAnalyzeRelease
> Task :lintVitalReportRelease
> Task :lintVitalRelease
> Task :packageRelease
> Task :createReleaseApkListingFileRedirect UP-TO-DATE
> Task :assembleRelease

BUILD SUCCESSFUL in 9s
41 actionable tasks: 10 executed, 31 up-to-date
Consider enabling configuration cache to speed up this build: https://docs.gradle.org/9.5.0/userguide/configuration_cache_enabling.html
