To honour the JVM settings for this build a single-use Daemon process will be forked. For more on this, please refer to https://docs.gradle.org/9.5.0/userguide/gradle_daemon.html#sec:disabling_the_daemon in the Gradle documentation.
Daemon will be stopped at the end of the build 

> Configure project :
w: [33m[1m⚠️ Unused Kotlin Source Sets[0m[0m
The Kotlin source set commonTest was configured but not added to any Kotlin compilation.
[32m[1mSolution:[0m[0m
[32m[3mYou can add a source set to a target's compilation by connecting it with the compilation's default source set using 'dependsOn'.[0m[0m
[36mSee [0m[34mhttps://kotl.in/connecting-source-sets[0m[36m[0m


[Incubating] Problems report is available at: file:///var/home/stewart/Workspace/dyn4k-toolchain-probes/probes/toolchain/jvm-android/android/build/reports/problems/problems-report.html

FAILURE: Build failed with an exception.

* What went wrong:
Task 'lint' not found in root project 'toolchain-probe'. Some candidates are: 'init'.

* Try:
> Run gradle tasks to get a list of available tasks.
> For more on name expansion, please refer to https://docs.gradle.org/9.5.0/userguide/command_line_interface.html#sec:name_abbreviation in the Gradle documentation.
> Run with --stacktrace option to get the stack trace.
> Run with --info or --debug option to get more log output.
> Run with --scan to get full insights from a Build Scan (powered by Develocity).
> Get more help at https://help.gradle.org.

BUILD FAILED in 4s
