To honour the JVM settings for this build a single-use Daemon process will be forked. For more on this, please refer to https://docs.gradle.org/9.5.0/userguide/gradle_daemon.html#sec:disabling_the_daemon in the Gradle documentation.
Daemon will be stopped at the end of the build 
> Task :clean

> Task :compileJava
warning: [options] source value 8 is obsolete and will be removed in a future release
warning: [options] target value 8 is obsolete and will be removed in a future release
warning: [options] To suppress warnings about obsolete options, use -Xlint:-options.
3 warnings

> Task :processResources NO-SOURCE
> Task :classes
> Task :jar
> Task :startScripts
> Task :installDist

> Task :dependencyInsight
local.dyn4k.probe:toolchain-probe-jvm:0.0.1
  Variant jvmRuntimeElements-published:
    | Attribute Name                     | Provided     | Requested    |
    |------------------------------------|--------------|--------------|
    | org.gradle.status                  | release      |              |
    | org.jetbrains.kotlin.platform.type | jvm          |              |
    | org.gradle.category                | library      | library      |
    | org.gradle.jvm.environment         | standard-jvm | standard-jvm |
    | org.gradle.jvm.version             | 8            | 8            |
    | org.gradle.libraryelements         | jar          | jar          |
    | org.gradle.usage                   | java-runtime | java-runtime |
    | org.gradle.dependency.bundling     |              | external     |

local.dyn4k.probe:toolchain-probe-jvm:0.0.1
\--- runtimeClasspath

A web-based, searchable dependency report is available by adding the --scan option.

[Incubating] Problems report is available at: file:///var/home/stewart/Workspace/dyn4k-toolchain-probes/probes/toolchain/jvm-android/consumer/build/reports/problems/problems-report.html

BUILD SUCCESSFUL in 3s
6 actionable tasks: 6 executed
Consider enabling configuration cache to speed up this build: https://docs.gradle.org/9.5.0/userguide/configuration_cache_enabling.html
