Classfile jar:file:///var/home/stewart/Workspace/dyn4k-toolchain-probes/probes/toolchain/jvm-android/build/libs/toolchain-probe-jvm-0.0.1.jar!/probe/Vector.class
  Last modified Feb 1, 1980; size 1362 bytes
  SHA-256 checksum 39d741866794363894d279ba7efebea8d42ab98218b1d0eaca9afd2930329563
  Compiled from "Vector.kt"
public final class probe.Vector
  minor version: 0
  major version: 52
  flags: (0x0031) ACC_PUBLIC, ACC_FINAL, ACC_SUPER
  this_class: #2                          // probe/Vector
  super_class: #4                         // java/lang/Object
  interfaces: 0, fields: 2, methods: 6, attributes: 2
Constant pool:
   #1 = Utf8               probe/Vector
   #2 = Class              #1             // probe/Vector
   #3 = Utf8               java/lang/Object
   #4 = Class              #3             // java/lang/Object
   #5 = Utf8               <init>
   #6 = Utf8               (DD)V
   #7 = Utf8               ()V
   #8 = NameAndType        #5:#7          // "<init>":()V
   #9 = Methodref          #4.#8          // java/lang/Object."<init>":()V
  #10 = Utf8               x
  #11 = Utf8               D
  #12 = NameAndType        #10:#11        // x:D
  #13 = Fieldref           #2.#12         // probe/Vector.x:D
  #14 = Utf8               y
  #15 = NameAndType        #14:#11        // y:D
  #16 = Fieldref           #2.#15         // probe/Vector.y:D
  #17 = Utf8               this
  #18 = Utf8               Lprobe/Vector;
  #19 = Utf8               getX
  #20 = Utf8               ()D
  #21 = Utf8               setX
  #22 = Utf8               (D)V
  #23 = Utf8               <set-?>
  #24 = Utf8               getY
  #25 = Utf8               setY
  #26 = Utf8               dot
  #27 = Utf8               (Lprobe/Vector;)D
  #28 = Utf8               Lorg/jetbrains/annotations/NotNull;
  #29 = Utf8               other
  #30 = String             #29            // other
  #31 = Utf8               kotlin/jvm/internal/Intrinsics
  #32 = Class              #31            // kotlin/jvm/internal/Intrinsics
  #33 = Utf8               checkNotNullParameter
  #34 = Utf8               (Ljava/lang/Object;Ljava/lang/String;)V
  #35 = NameAndType        #33:#34        // checkNotNullParameter:(Ljava/lang/Object;Ljava/lang/String;)V
  #36 = Methodref          #32.#35        // kotlin/jvm/internal/Intrinsics.checkNotNullParameter:(Ljava/lang/Object;Ljava/lang/String;)V
  #37 = Utf8               Lkotlin/Metadata;
  #38 = Utf8               mv
  #39 = Integer            2
  #40 = Integer            4
  #41 = Integer            0
  #42 = Utf8               k
  #43 = Integer            1
  #44 = Utf8               xi
  #45 = Integer            48
  #46 = Utf8               d1
  #47 = Utf8               \u0000\u0012\n\u0002\u0018\u0002\n\u0002\u0010\u0000\n\u0000\n\u0002\u0010\u0006\n\u0002\b\f\u0018\u00002\u00020\u0001B\u0017\u0012\u0006\u0010\u0002\u001a\u00020\u0003\u0012\u0006\u0010\u0004\u001a\u00020\u0003¢\u0006\u0004\b\u0005\u0010\u0006J\u000e\u0010\r\u001a\u00020\u00032\u0006\u0010\u000e\u001a\u00020\u0000R\u001a\u0010\u0002\u001a\u00020\u0003X\u0086\u000e¢\u0006\u000e\n\u0000\u001a\u0004\b\u0007\u0010\b\"\u0004\b\t\u0010\nR\u001a\u0010\u0004\u001a\u00020\u0003X\u0086\u000e¢\u0006\u000e\n\u0000\u001a\u0004\b\u000b\u0010\b\"\u0004\b\f\u0010\n¨\u0006\u000f
  #48 = Utf8               d2
  #49 = Utf8
  #50 = Utf8               local.dyn4k.probe:toolchain-probe
  #51 = Utf8               Vector.kt
  #52 = Utf8               Code
  #53 = Utf8               LineNumberTable
  #54 = Utf8               LocalVariableTable
  #55 = Utf8               RuntimeInvisibleParameterAnnotations
  #56 = Utf8               SourceFile
  #57 = Utf8               RuntimeVisibleAnnotations
{
  public probe.Vector(double, double);
    descriptor: (DD)V
    flags: (0x0001) ACC_PUBLIC
    Code:
      stack=3, locals=5, args_size=3
         0: aload_0
         1: invokespecial #9                  // Method java/lang/Object."<init>":()V
         4: aload_0
         5: dload_1
         6: putfield      #13                 // Field x:D
         9: aload_0
        10: dload_3
        11: putfield      #16                 // Field y:D
        14: return
      LineNumberTable:
        line 2: 0
      LocalVariableTable:
        Start  Length  Slot  Name   Signature
            0      15     0  this   Lprobe/Vector;
            0      15     1     x   D
            0      15     3     y   D

  public final double getX();
    descriptor: ()D
    flags: (0x0011) ACC_PUBLIC, ACC_FINAL
    Code:
      stack=2, locals=1, args_size=1
         0: aload_0
         1: getfield      #13                 // Field x:D
         4: dreturn
      LineNumberTable:
        line 2: 0
      LocalVariableTable:
        Start  Length  Slot  Name   Signature
            0       5     0  this   Lprobe/Vector;

  public final void setX(double);
    descriptor: (D)V
    flags: (0x0011) ACC_PUBLIC, ACC_FINAL
    Code:
      stack=3, locals=3, args_size=2
         0: aload_0
         1: dload_1
         2: putfield      #13                 // Field x:D
         5: return
      LineNumberTable:
        line 2: 0
      LocalVariableTable:
        Start  Length  Slot  Name   Signature
            0       6     0  this   Lprobe/Vector;
            0       6     1 <set-?>   D

  public final double getY();
    descriptor: ()D
    flags: (0x0011) ACC_PUBLIC, ACC_FINAL
    Code:
      stack=2, locals=1, args_size=1
         0: aload_0
         1: getfield      #16                 // Field y:D
         4: dreturn
      LineNumberTable:
        line 2: 0
      LocalVariableTable:
        Start  Length  Slot  Name   Signature
            0       5     0  this   Lprobe/Vector;

  public final void setY(double);
    descriptor: (D)V
    flags: (0x0011) ACC_PUBLIC, ACC_FINAL
    Code:
      stack=3, locals=3, args_size=2
         0: aload_0
         1: dload_1
         2: putfield      #16                 // Field y:D
         5: return
      LineNumberTable:
        line 2: 0
      LocalVariableTable:
        Start  Length  Slot  Name   Signature
            0       6     0  this   Lprobe/Vector;
            0       6     1 <set-?>   D

  public final double dot(probe.Vector);
    descriptor: (Lprobe/Vector;)D
    flags: (0x0011) ACC_PUBLIC, ACC_FINAL
    Code:
      stack=6, locals=2, args_size=2
         0: aload_1
         1: ldc           #30                 // String other
         3: invokestatic  #36                 // Method kotlin/jvm/internal/Intrinsics.checkNotNullParameter:(Ljava/lang/Object;Ljava/lang/String;)V
         6: aload_0
         7: getfield      #13                 // Field x:D
        10: aload_1
        11: getfield      #13                 // Field x:D
        14: dmul
        15: aload_0
        16: getfield      #16                 // Field y:D
        19: aload_1
        20: getfield      #16                 // Field y:D
        23: dmul
        24: dadd
        25: dreturn
      LineNumberTable:
        line 3: 6
      LocalVariableTable:
        Start  Length  Slot  Name   Signature
            0      26     0  this   Lprobe/Vector;
            0      26     1 other   Lprobe/Vector;
    RuntimeInvisibleParameterAnnotations:
      parameter 0:
        0: #28()
          org.jetbrains.annotations.NotNull
}
SourceFile: "Vector.kt"
RuntimeVisibleAnnotations:
  0: #37(#38=[I#39,I#40,I#41],#42=I#43,#44=I#45,#46=[s#47],#48=[s#18,s#49,s#10,s#49,s#14,s#5,s#6,s#19,s#20,s#21,s#22,s#24,s#25,s#26,s#29,s#50])
    kotlin.Metadata(
      mv=[2,4,0]
      k=1
      xi=48
      d1=["\u0000\u0012\n\u0002\u0018\u0002\n\u0002\u0010\u0000\n\u0000\n\u0002\u0010\u0006\n\u0002\b\f\u0018\u00002\u00020\u0001B\u0017\u0012\u0006\u0010\u0002\u001a\u00020\u0003\u0012\u0006\u0010\u0004\u001a\u00020\u0003¢\u0006\u0004\b\u0005\u0010\u0006J\u000e\u0010\r\u001a\u00020\u00032\u0006\u0010\u000e\u001a\u00020\u0000R\u001a\u0010\u0002\u001a\u00020\u0003X\u0086\u000e¢\u0006\u000e\n\u0000\u001a\u0004\b\u0007\u0010\b\"\u0004\b\t\u0010\nR\u001a\u0010\u0004\u001a\u00020\u0003X\u0086\u000e¢\u0006\u000e\n\u0000\u001a\u0004\b\u000b\u0010\b\"\u0004\b\f\u0010\n¨\u0006\u000f"]
      d2=["Lprobe/Vector;","","x","","y","<init>","(DD)V","getX","()D","setX","(D)V","getY","setY","dot","other","local.dyn4k.probe:toolchain-probe"]
    )
